C:\Users\Aloof>wsl -d Ubuntu
(venv) rae@Aloof:/mnt/c/Users/Aloof/Desktop/PanicSense/PanicSense$ cd ..
(venv) rae@Aloof:/mnt/c/Users/Aloof/Desktop/PanicSense$ cd ..
(venv) rae@Aloof:/mnt/c/Users/Aloof/Desktop$ cd "Week 4"
(venv) rae@Aloof:/mnt/c/Users/Aloof/Desktop/Week 4$ gitclone https://github.com/draiimon/Oaktree/tree/Week-4
gitclone: command not found
(venv) rae@Aloof:/mnt/c/Users/Aloof/Desktop/Week 4$ gitclone https://github.com/draiimon/Oaktree/tree/Week-4
gitclone: command not found
(venv) rae@Aloof:/mnt/c/Users/Aloof/Desktop/Week 4$ git clone --branch Week-4 https://github.com/draiimon/Oaktree.git
Cloning into 'Oaktree'...
remote: Enumerating objects: 3332, done.
remote: Counting objects: 100% (434/434), done.
remote: Compressing objects: 100% (132/132), done.
remote: Total 3332 (delta 289), reused 403 (delta 274), pack-reused 2898 (from 1)
Receiving objects: 100% (3332/3332), 7.35 MiB | 10.11 MiB/s, done.
Resolving deltas: 100% (1144/1144), done.
(venv) rae@Aloof:/mnt/c/Users/Aloof/Desktop/Week 4$ cd Oaktree
(venv) rae@Aloof:/mnt/c/Users/Aloof/Desktop/Week 4/Oaktree$ npm install
npm warn deprecated @esbuild-kit/esm-loader@2.6.5: Merged into tsx: https://tsx.is
npm warn deprecated @esbuild-kit/core-utils@3.3.2: Merged into tsx: https://tsx.is

added 561 packages, and audited 562 packages in 1m

64 packages are looking for funding
  run `npm fund` for details

8 moderate severity vulnerabilities

To address issues that do not require attention, run:
  npm audit fix

To address all issues (including breaking changes), run:
  npm audit fix --force

Run `npm audit` for details.
(venv) rae@Aloof:/mnt/c/Users/Aloof/Desktop/Week 4/Oaktree$ nano .env
(venv) rae@Aloof:/mnt/c/Users/Aloof/Desktop/Week 4/Oaktree$ npm run dev

> rest-express@1.0.0 dev
> tsx server/index.ts

node:internal/errors:496
    ErrorCaptureStackTrace(err);
    ^

TypeError [ERR_INVALID_ARG_TYPE]: The "paths[0]" argument must be of type string. Received undefined
    at __node_internal_captureLargerStackTrace (node:internal/errors:496:5)
    at new NodeError (node:internal/errors:405:5)
    at validateString (node:internal/validators:162:11)
    at Object.resolve (node:path:1115:7)
    at <anonymous> (/mnt/c/Users/Aloof/Desktop/Week 4/Oaktree/vite.config.ts:23:17)
    at ModuleJob.run (node:internal/modules/esm/module_job:195:25)
    at async ModuleLoader.import (node:internal/modules/esm/loader:337:24)
    at async loadESM (node:internal/process/esm_loader:34:7)
    at async handleMainPromise (node:internal/modules/run_main:106:12) {
  code: 'ERR_INVALID_ARG_TYPE'
}

Node.js v18.20.8
(venv) rae@Aloof:/mnt/c/Users/Aloof/Desktop/Week 4/Oaktree$ nano. env
Command 'nano.' not found, did you mean:
  command 'nano' from snap nano (7.2+pkg-4057)
  command 'nano' from deb nano (7.2-2ubuntu0.1)
  command 'nanoc' from deb nanoc (4.12.18-1)
See 'snap info <snapname>' for additional versions.
(venv) rae@Aloof:/mnt/c/Users/Aloof/Desktop/Week 4/Oaktree$ nano .env
(venv) rae@Aloof:/mnt/c/Users/Aloof/Desktop/Week 4/Oaktree$ npm run dev

> rest-express@1.0.0 dev
> tsx server/index.ts

node:internal/errors:496
    ErrorCaptureStackTrace(err);
    ^

TypeError [ERR_INVALID_ARG_TYPE]: The "paths[0]" argument must be of type string. Received undefined
    at __node_internal_captureLargerStackTrace (node:internal/errors:496:5)
    at new NodeError (node:internal/errors:405:5)
    at validateString (node:internal/validators:162:11)
    at Object.resolve (node:path:1115:7)
    at <anonymous> (/mnt/c/Users/Aloof/Desktop/Week 4/Oaktree/vite.config.ts:23:17)
    at ModuleJob.run (node:internal/modules/esm/module_job:195:25)
    at async ModuleLoader.import (node:internal/modules/esm/loader:337:24)
    at async loadESM (node:internal/process/esm_loader:34:7)
    at async handleMainPromise (node:internal/modules/run_main:106:12) {
  code: 'ERR_INVALID_ARG_TYPE'
}

Node.js v18.20.8
(venv) rae@Aloof:/mnt/c/Users/Aloof/Desktop/Week 4/Oaktree$ npm run build

> rest-express@1.0.0 build
> vite build && esbuild server/index.ts --platform=node --packages=external --bundle --format=esm --outdir=dist

vite v5.4.14 building for production...
transforming (2) ../vite/modulepreload-polyfill.jsBrowserslist: browsers data (caniuse-lite) is 6 months old. Please run:
  npx update-browserslist-db@latest
  Why you should do it regularly: https://github.com/browserslist/update-db#readme
✓ 1803 modules transformed.
../dist/public/index.html                   1.57 kB │ gzip:   0.60 kB
../dist/public/assets/index-BV0vdbKE.css   71.69 kB │ gzip:  12.24 kB
../dist/public/assets/index-C36VpuQ0.js   519.79 kB │ gzip: 143.81 kB

(!) Some chunks are larger than 500 kB after minification. Consider:
- Using dynamic import() to code-split the application
- Use build.rollupOptions.output.manualChunks to improve chunking: https://rollupjs.org/configuration-options/#output-manualchunks
- Adjust chunk size limit for this warning via build.chunkSizeWarningLimit.
✓ built in 25.44s

  dist/index.js  43.1kb

⚡ Done in 65ms
(venv) rae@Aloof:/mnt/c/Users/Aloof/Desktop/Week 4/Oaktree$ npm run start

> rest-express@1.0.0 start
> NODE_ENV=production node dist/index.js

node:internal/errors:496
    ErrorCaptureStackTrace(err);
    ^

TypeError [ERR_INVALID_ARG_TYPE]: The "paths[0]" argument must be of type string. Received undefined
    at new NodeError (node:internal/errors:405:5)
    at validateString (node:internal/validators:162:11)
    at Object.resolve (node:path:1115:7)
    at vite.config.ts (file:///mnt/c/Users/Aloof/Desktop/Week%204/Oaktree/dist/index.js:34:21)
    at __init (file:///mnt/c/Users/Aloof/Desktop/Week%204/Oaktree/dist/index.js:4:56)
    at server/vite.ts (file:///mnt/c/Users/Aloof/Desktop/Week%204/Oaktree/dist/index.js:121:11)
    at __init (file:///mnt/c/Users/Aloof/Desktop/Week%204/Oaktree/dist/index.js:4:56)
    at server/env.ts (file:///mnt/c/Users/Aloof/Desktop/Week%204/Oaktree/dist/index.js:149:11)
    at __init (file:///mnt/c/Users/Aloof/Desktop/Week%204/Oaktree/dist/index.js:4:56)
    at file:///mnt/c/Users/Aloof/Desktop/Week%204/Oaktree/dist/index.js:462:7 {
  code: 'ERR_INVALID_ARG_TYPE'
}

Node.js v18.20.8
(venv) rae@Aloof:/mnt/c/Users/Aloof/Desktop/Week 4/Oaktree$ cd server
(venv) rae@Aloof:/mnt/c/Users/Aloof/Desktop/Week 4/Oaktree/server$ nano vite.ts
(venv) rae@Aloof:/mnt/c/Users/Aloof/Desktop/Week 4/Oaktree/server$ npm run start

> rest-express@1.0.0 start
> NODE_ENV=production node dist/index.js

node:internal/errors:496
    ErrorCaptureStackTrace(err);
    ^

TypeError [ERR_INVALID_ARG_TYPE]: The "paths[0]" argument must be of type string. Received undefined
    at new NodeError (node:internal/errors:405:5)
    at validateString (node:internal/validators:162:11)
    at Object.resolve (node:path:1115:7)
    at vite.config.ts (file:///mnt/c/Users/Aloof/Desktop/Week%204/Oaktree/dist/index.js:34:21)
    at __init (file:///mnt/c/Users/Aloof/Desktop/Week%204/Oaktree/dist/index.js:4:56)
    at server/vite.ts (file:///mnt/c/Users/Aloof/Desktop/Week%204/Oaktree/dist/index.js:121:11)
    at __init (file:///mnt/c/Users/Aloof/Desktop/Week%204/Oaktree/dist/index.js:4:56)
    at server/env.ts (file:///mnt/c/Users/Aloof/Desktop/Week%204/Oaktree/dist/index.js:149:11)
    at __init (file:///mnt/c/Users/Aloof/Desktop/Week%204/Oaktree/dist/index.js:4:56)
    at file:///mnt/c/Users/Aloof/Desktop/Week%204/Oaktree/dist/index.js:462:7 {
  code: 'ERR_INVALID_ARG_TYPE'
}

Node.js v18.20.8
(venv) rae@Aloof:/mnt/c/Users/Aloof/Desktop/Week 4/Oaktree/server$
